Loading pre-computed embeddings from cache: /Users/erdem/Documents/github/autoresearch/figures/report/native_baseline/emb_cache_w8
Emb cache: loaded iv=(92115, 1152) ex=(92115, 1152) from /Users/erdem/Documents/github/autoresearch/figures/report/native_baseline/emb_cache_w8
Embeddings from cache: iv=(92115, 1152) ex=(92115, 1152) (frozen dim=1152, multiscale=True)
[full_iv_ex/frozen] epoch 1/200 loss=2.9296 iv_val=0.9967 ex_val=0.9985 bal_val=0.9976 ex2iv=0.0832 align=0.7513 cpair=0.0000
[full_iv_ex/frozen] epoch 2/200 loss=2.4506 iv_val=0.9971 ex_val=0.9986 bal_val=0.9979 ex2iv=0.0887 align=0.6814 cpair=0.0000
[full_iv_ex/frozen] epoch 3/200 loss=2.3336 iv_val=0.9968 ex_val=0.9985 bal_val=0.9976 ex2iv=0.0906 align=0.6067 cpair=0.0000
[full_iv_ex/frozen] epoch 4/200 loss=2.2739 iv_val=0.9960 ex_val=0.9982 bal_val=0.9971 ex2iv=0.0859 align=0.5682 cpair=0.0000
[full_iv_ex/frozen] epoch 5/200 loss=2.2406 iv_val=0.9956 ex_val=0.9979 bal_val=0.9967 ex2iv=0.0828 align=0.5477 cpair=0.0000
[full_iv_ex/frozen] epoch 6/200 loss=2.2212 iv_val=0.9953 ex_val=0.9976 bal_val=0.9964 ex2iv=0.0847 align=0.5356 cpair=0.0000
[full_iv_ex/frozen] epoch 7/200 loss=2.2059 iv_val=0.9945 ex_val=0.9951 bal_val=0.9948 ex2iv=0.0843 align=0.5258 cpair=0.0000
[full_iv_ex/frozen] epoch 8/200 loss=2.1977 iv_val=0.9935 ex_val=0.9961 bal_val=0.9948 ex2iv=0.0830 align=0.5206 cpair=0.0000
[full_iv_ex/frozen] epoch 9/200 loss=2.1894 iv_val=0.9929 ex_val=0.9939 bal_val=0.9934 ex2iv=0.0839 align=0.5145 cpair=0.0000
[full_iv_ex/frozen] epoch 10/200 loss=2.1800 iv_val=0.9928 ex_val=0.9936 bal_val=0.9932 ex2iv=0.0872 align=0.5102 cpair=0.0000
[full_iv_ex/frozen] epoch 11/200 loss=2.1769 iv_val=0.9921 ex_val=0.9938 bal_val=0.9929 ex2iv=0.0882 align=0.5079 cpair=0.0000
[full_iv_ex/frozen] epoch 12/200 loss=2.1721 iv_val=0.9925 ex_val=0.9941 bal_val=0.9933 ex2iv=0.0879 align=0.5054 cpair=0.0000
[full_iv_ex/frozen] epoch 13/200 loss=2.1705 iv_val=0.9926 ex_val=0.9934 bal_val=0.9930 ex2iv=0.0877 align=0.5033 cpair=0.0000
[full_iv_ex/frozen] epoch 14/200 loss=2.1639 iv_val=0.9914 ex_val=0.9916 bal_val=0.9915 ex2iv=0.0886 align=0.5000 cpair=0.0000
[full_iv_ex/frozen] epoch 15/200 loss=2.1625 iv_val=0.9910 ex_val=0.9916 bal_val=0.9913 ex2iv=0.0839 align=0.4997 cpair=0.0000
[full_iv_ex/frozen] epoch 16/200 loss=2.1587 iv_val=0.9899 ex_val=0.9893 bal_val=0.9896 ex2iv=0.0796 align=0.4974 cpair=0.0000
[full_iv_ex/frozen] epoch 17/200 loss=2.1569 iv_val=0.9870 ex_val=0.9906 bal_val=0.9888 ex2iv=0.0858 align=0.4957 cpair=0.0000
[full_iv_ex/frozen] epoch 18/200 loss=2.1570 iv_val=0.9861 ex_val=0.9889 bal_val=0.9875 ex2iv=0.0829 align=0.4960 cpair=0.0000
[full_iv_ex/frozen] epoch 19/200 loss=2.1560 iv_val=0.9871 ex_val=0.9872 bal_val=0.9872 ex2iv=0.0866 align=0.4950 cpair=0.0000
[full_iv_ex/frozen] epoch 20/200 loss=2.1522 iv_val=0.9840 ex_val=0.9836 bal_val=0.9838 ex2iv=0.0872 align=0.4925 cpair=0.0000
[full_iv_ex/frozen] epoch 21/200 loss=2.1528 iv_val=0.9836 ex_val=0.9881 bal_val=0.9858 ex2iv=0.0877 align=0.4939 cpair=0.0000
[full_iv_ex/frozen] epoch 22/200 loss=2.1490 iv_val=0.9822 ex_val=0.9853 bal_val=0.9838 ex2iv=0.0854 align=0.4912 cpair=0.0000
[full_iv_ex/frozen] epoch 23/200 loss=2.1494 iv_val=0.9800 ex_val=0.9825 bal_val=0.9812 ex2iv=0.0866 align=0.4905 cpair=0.0000
[full_iv_ex/frozen] epoch 24/200 loss=2.1438 iv_val=0.9780 ex_val=0.9822 bal_val=0.9801 ex2iv=0.0898 align=0.4882 cpair=0.0000
[full_iv_ex/frozen] epoch 25/200 loss=2.1477 iv_val=0.9795 ex_val=0.9842 bal_val=0.9819 ex2iv=0.0892 align=0.4909 cpair=0.0000
[full_iv_ex/frozen] epoch 26/200 loss=2.1467 iv_val=0.9815 ex_val=0.9819 bal_val=0.9817 ex2iv=0.0855 align=0.4896 cpair=0.0000
[full_iv_ex/frozen] epoch 27/200 loss=2.1438 iv_val=0.9791 ex_val=0.9815 bal_val=0.9803 ex2iv=0.0839 align=0.4883 cpair=0.0000
[full_iv_ex/frozen] epoch 28/200 loss=2.1459 iv_val=0.9783 ex_val=0.9825 bal_val=0.9804 ex2iv=0.0854 align=0.4892 cpair=0.0000
[full_iv_ex/frozen] epoch 29/200 loss=2.1435 iv_val=0.9777 ex_val=0.9818 bal_val=0.9797 ex2iv=0.0839 align=0.4868 cpair=0.0000
[full_iv_ex/frozen] epoch 30/200 loss=2.1410 iv_val=0.9730 ex_val=0.9814 bal_val=0.9772 ex2iv=0.0882 align=0.4872 cpair=0.0000
[full_iv_ex/frozen] epoch 31/200 loss=2.1420 iv_val=0.9713 ex_val=0.9787 bal_val=0.9750 ex2iv=0.0886 align=0.4879 cpair=0.0000
[full_iv_ex/frozen] epoch 32/200 loss=2.1414 iv_val=0.9761 ex_val=0.9790 bal_val=0.9776 ex2iv=0.0844 align=0.4872 cpair=0.0000
[full_iv_ex/frozen] epoch 33/200 loss=2.1394 iv_val=0.9741 ex_val=0.9727 bal_val=0.9734 ex2iv=0.0853 align=0.4857 cpair=0.0000
[full_iv_ex/frozen] epoch 34/200 loss=2.1394 iv_val=0.9751 ex_val=0.9755 bal_val=0.9753 ex2iv=0.0849 align=0.4852 cpair=0.0000
[full_iv_ex/frozen] epoch 35/200 loss=2.1384 iv_val=0.9760 ex_val=0.9725 bal_val=0.9742 ex2iv=0.0835 align=0.4847 cpair=0.0000
[full_iv_ex/frozen] epoch 36/200 loss=2.1410 iv_val=0.9732 ex_val=0.9734 bal_val=0.9733 ex2iv=0.0860 align=0.4863 cpair=0.0000
[full_iv_ex/frozen] epoch 37/200 loss=2.1391 iv_val=0.9739 ex_val=0.9730 bal_val=0.9734 ex2iv=0.0872 align=0.4852 cpair=0.0000
[full_iv_ex/frozen] epoch 38/200 loss=2.1376 iv_val=0.9726 ex_val=0.9685 bal_val=0.9706 ex2iv=0.0892 align=0.4845 cpair=0.0000
[full_iv_ex/frozen] epoch 39/200 loss=2.1369 iv_val=0.9709 ex_val=0.9656 bal_val=0.9682 ex2iv=0.0844 align=0.4837 cpair=0.0000
[full_iv_ex/frozen] epoch 40/200 loss=2.1357 iv_val=0.9743 ex_val=0.9660 bal_val=0.9702 ex2iv=0.0859 align=0.4836 cpair=0.0000
[full_iv_ex/frozen] epoch 41/200 loss=2.1362 iv_val=0.9714 ex_val=0.9695 bal_val=0.9705 ex2iv=0.0833 align=0.4835 cpair=0.0000
[full_iv_ex/frozen] epoch 42/200 loss=2.1372 iv_val=0.9756 ex_val=0.9717 bal_val=0.9737 ex2iv=0.0841 align=0.4832 cpair=0.0000
[full_iv_ex/frozen] epoch 43/200 loss=2.1349 iv_val=0.9753 ex_val=0.9748 bal_val=0.9751 ex2iv=0.0758 align=0.4833 cpair=0.0000
[full_iv_ex/frozen] epoch 44/200 loss=2.1351 iv_val=0.9769 ex_val=0.9663 bal_val=0.9716 ex2iv=0.0834 align=0.4840 cpair=0.0000
[full_iv_ex/frozen] epoch 45/200 loss=2.1336 iv_val=0.9742 ex_val=0.9675 bal_val=0.9709 ex2iv=0.0864 align=0.4821 cpair=0.0000
[full_iv_ex/frozen] epoch 46/200 loss=2.1338 iv_val=0.9752 ex_val=0.9636 bal_val=0.9694 ex2iv=0.0769 align=0.4818 cpair=0.0000
[full_iv_ex/frozen] epoch 47/200 loss=2.1335 iv_val=0.9752 ex_val=0.9657 bal_val=0.9705 ex2iv=0.0892 align=0.4821 cpair=0.0000
[full_iv_ex/frozen] epoch 48/200 loss=2.1349 iv_val=0.9748 ex_val=0.9623 bal_val=0.9685 ex2iv=0.0862 align=0.4826 cpair=0.0000
[full_iv_ex/frozen] epoch 49/200 loss=2.1328 iv_val=0.9728 ex_val=0.9646 bal_val=0.9687 ex2iv=0.0855 align=0.4821 cpair=0.0000
[full_iv_ex/frozen] epoch 50/200 loss=2.1311 iv_val=0.9719 ex_val=0.9663 bal_val=0.9691 ex2iv=0.0864 align=0.4802 cpair=0.0000
[full_iv_ex/frozen] epoch 51/200 loss=2.1334 iv_val=0.9706 ex_val=0.9619 bal_val=0.9662 ex2iv=0.0862 align=0.4818 cpair=0.0000
[full_iv_ex/frozen] epoch 52/200 loss=2.1322 iv_val=0.9728 ex_val=0.9628 bal_val=0.9678 ex2iv=0.0858 align=0.4807 cpair=0.0000
[full_iv_ex/frozen] epoch 53/200 loss=2.1349 iv_val=0.9590 ex_val=0.9636 bal_val=0.9613 ex2iv=0.0832 align=0.4826 cpair=0.0000
[full_iv_ex/frozen] epoch 54/200 loss=2.1319 iv_val=0.9665 ex_val=0.9612 bal_val=0.9638 ex2iv=0.0898 align=0.4807 cpair=0.0000
[full_iv_ex/frozen] epoch 55/200 loss=2.1316 iv_val=0.9673 ex_val=0.9503 bal_val=0.9588 ex2iv=0.0867 align=0.4811 cpair=0.0000
[full_iv_ex/frozen] epoch 56/200 loss=2.1305 iv_val=0.9636 ex_val=0.9598 bal_val=0.9617 ex2iv=0.0843 align=0.4792 cpair=0.0000
[full_iv_ex/frozen] epoch 57/200 loss=2.1299 iv_val=0.9682 ex_val=0.9525 bal_val=0.9604 ex2iv=0.0875 align=0.4804 cpair=0.0000
[full_iv_ex/frozen] epoch 58/200 loss=2.1306 iv_val=0.9617 ex_val=0.9568 bal_val=0.9592 ex2iv=0.0901 align=0.4805 cpair=0.0000
[full_iv_ex/frozen] epoch 59/200 loss=2.1301 iv_val=0.9690 ex_val=0.9510 bal_val=0.9600 ex2iv=0.0868 align=0.4805 cpair=0.0000
[full_iv_ex/frozen] epoch 60/200 loss=2.1300 iv_val=0.9613 ex_val=0.9487 bal_val=0.9550 ex2iv=0.0837 align=0.4806 cpair=0.0000
[full_iv_ex/frozen] epoch 61/200 loss=2.1290 iv_val=0.9657 ex_val=0.9450 bal_val=0.9554 ex2iv=0.0886 align=0.4788 cpair=0.0000
[full_iv_ex/frozen] epoch 62/200 loss=2.1306 iv_val=0.9648 ex_val=0.9532 bal_val=0.9590 ex2iv=0.0874 align=0.4801 cpair=0.0000
[full_iv_ex/frozen] epoch 63/200 loss=2.1274 iv_val=0.9614 ex_val=0.9421 bal_val=0.9517 ex2iv=0.0905 align=0.4790 cpair=0.0000
[full_iv_ex/frozen] epoch 64/200 loss=2.1278 iv_val=0.9643 ex_val=0.9552 bal_val=0.9598 ex2iv=0.0868 align=0.4785 cpair=0.0000
[full_iv_ex/frozen] epoch 65/200 loss=2.1268 iv_val=0.9667 ex_val=0.9496 bal_val=0.9582 ex2iv=0.0762 align=0.4783 cpair=0.0000
[full_iv_ex/frozen] epoch 66/200 loss=2.1279 iv_val=0.9598 ex_val=0.9342 bal_val=0.9470 ex2iv=0.0903 align=0.4780 cpair=0.0000
[full_iv_ex/frozen] epoch 67/200 loss=2.1256 iv_val=0.9625 ex_val=0.9396 bal_val=0.9510 ex2iv=0.0873 align=0.4772 cpair=0.0000
[full_iv_ex/frozen] epoch 68/200 loss=2.1270 iv_val=0.9653 ex_val=0.9430 bal_val=0.9541 ex2iv=0.0895 align=0.4780 cpair=0.0000
[full_iv_ex/frozen] epoch 69/200 loss=2.1271 iv_val=0.9638 ex_val=0.9341 bal_val=0.9489 ex2iv=0.0880 align=0.4785 cpair=0.0000
[full_iv_ex/frozen] epoch 70/200 loss=2.1250 iv_val=0.9639 ex_val=0.9288 bal_val=0.9463 ex2iv=0.0892 align=0.4774 cpair=0.0000
[full_iv_ex/frozen] epoch 71/200 loss=2.1249 iv_val=0.9537 ex_val=0.9304 bal_val=0.9420 ex2iv=0.0738 align=0.4767 cpair=0.0000
[full_iv_ex/frozen] epoch 72/200 loss=2.1251 iv_val=0.9648 ex_val=0.9367 bal_val=0.9507 ex2iv=0.0914 align=0.4769 cpair=0.0000
[full_iv_ex/frozen] epoch 73/200 loss=2.1235 iv_val=0.9610 ex_val=0.9221 bal_val=0.9415 ex2iv=0.0694 align=0.4759 cpair=0.0000
[full_iv_ex/frozen] epoch 74/200 loss=2.1236 iv_val=0.9521 ex_val=0.9280 bal_val=0.9400 ex2iv=0.0792 align=0.4758 cpair=0.0000
[full_iv_ex/frozen] epoch 75/200 loss=2.1239 iv_val=0.9605 ex_val=0.9255 bal_val=0.9430 ex2iv=0.0750 align=0.4761 cpair=0.0000
[full_iv_ex/frozen] epoch 76/200 loss=2.1283 iv_val=0.9559 ex_val=0.9232 bal_val=0.9395 ex2iv=0.0832 align=0.4779 cpair=0.0000
[full_iv_ex/frozen] epoch 77/200 loss=2.1229 iv_val=0.9478 ex_val=0.9344 bal_val=0.9411 ex2iv=0.0759 align=0.4746 cpair=0.0000
[full_iv_ex/frozen] epoch 78/200 loss=2.1236 iv_val=0.9408 ex_val=0.9178 bal_val=0.9293 ex2iv=0.0701 align=0.4762 cpair=0.0000
[full_iv_ex/frozen] epoch 79/200 loss=2.1228 iv_val=0.9476 ex_val=0.9216 bal_val=0.9346 ex2iv=0.0817 align=0.4752 cpair=0.0000
[full_iv_ex/frozen] epoch 80/200 loss=2.1251 iv_val=0.9413 ex_val=0.9161 bal_val=0.9287 ex2iv=0.0746 align=0.4761 cpair=0.0000
[full_iv_ex/frozen] epoch 81/200 loss=2.1251 iv_val=0.9480 ex_val=0.9246 bal_val=0.9363 ex2iv=0.0790 align=0.4769 cpair=0.0000
[full_iv_ex/frozen] epoch 82/200 loss=2.1221 iv_val=0.9438 ex_val=0.9294 bal_val=0.9366 ex2iv=0.0834 align=0.4753 cpair=0.0000
[full_iv_ex/frozen] epoch 83/200 loss=2.1228 iv_val=0.9468 ex_val=0.9151 bal_val=0.9310 ex2iv=0.0868 align=0.4762 cpair=0.0000
[full_iv_ex/frozen] epoch 84/200 loss=2.1227 iv_val=0.9383 ex_val=0.9079 bal_val=0.9231 ex2iv=0.0792 align=0.4754 cpair=0.0000
[full_iv_ex/frozen] epoch 85/200 loss=2.1219 iv_val=0.9426 ex_val=0.9103 bal_val=0.9264 ex2iv=0.0777 align=0.4751 cpair=0.0000
[full_iv_ex/frozen] epoch 86/200 loss=2.1210 iv_val=0.9393 ex_val=0.9059 bal_val=0.9226 ex2iv=0.0879 align=0.4751 cpair=0.0000
[full_iv_ex/frozen] epoch 87/200 loss=2.1234 iv_val=0.9303 ex_val=0.9040 bal_val=0.9171 ex2iv=0.0759 align=0.4761 cpair=0.0000
[full_iv_ex/frozen] epoch 88/200 loss=2.1228 iv_val=0.9340 ex_val=0.9121 bal_val=0.9231 ex2iv=0.0807 align=0.4752 cpair=0.0000
[full_iv_ex/frozen] epoch 89/200 loss=2.1201 iv_val=0.9433 ex_val=0.8909 bal_val=0.9171 ex2iv=0.0805 align=0.4734 cpair=0.0000
[full_iv_ex/frozen] epoch 90/200 loss=2.1197 iv_val=0.9440 ex_val=0.9026 bal_val=0.9233 ex2iv=0.0808 align=0.4738 cpair=0.0000
[full_iv_ex/frozen] epoch 91/200 loss=2.1232 iv_val=0.9370 ex_val=0.9042 bal_val=0.9206 ex2iv=0.0816 align=0.4753 cpair=0.0000
[full_iv_ex/frozen] epoch 92/200 loss=2.1206 iv_val=0.9428 ex_val=0.9016 bal_val=0.9222 ex2iv=0.0745 align=0.4738 cpair=0.0000
[full_iv_ex/frozen] epoch 93/200 loss=2.1209 iv_val=0.9464 ex_val=0.8938 bal_val=0.9201 ex2iv=0.0895 align=0.4743 cpair=0.0000
[full_iv_ex/frozen] epoch 94/200 loss=2.1195 iv_val=0.9356 ex_val=0.8953 bal_val=0.9155 ex2iv=0.0729 align=0.4735 cpair=0.0000
[full_iv_ex/frozen] epoch 95/200 loss=2.1218 iv_val=0.9316 ex_val=0.9021 bal_val=0.9169 ex2iv=0.0815 align=0.4758 cpair=0.0000
[full_iv_ex/frozen] epoch 96/200 loss=2.1206 iv_val=0.9414 ex_val=0.9027 bal_val=0.9221 ex2iv=0.0745 align=0.4729 cpair=0.0000
[full_iv_ex/frozen] epoch 97/200 loss=2.1199 iv_val=0.9411 ex_val=0.9113 bal_val=0.9262 ex2iv=0.0813 align=0.4729 cpair=0.0000
[full_iv_ex/frozen] epoch 98/200 loss=2.1192 iv_val=0.9382 ex_val=0.9032 bal_val=0.9207 ex2iv=0.0765 align=0.4725 cpair=0.0000
[full_iv_ex/frozen] epoch 99/200 loss=2.1193 iv_val=0.9383 ex_val=0.8900 bal_val=0.9142 ex2iv=0.0729 align=0.4732 cpair=0.0000
[full_iv_ex/frozen] epoch 100/200 loss=2.1181 iv_val=0.9419 ex_val=0.9165 bal_val=0.9292 ex2iv=0.0709 align=0.4719 cpair=0.0000
[full_iv_ex/frozen] epoch 101/200 loss=2.1190 iv_val=0.9388 ex_val=0.8854 bal_val=0.9121 ex2iv=0.0683 align=0.4732 cpair=0.0000
[full_iv_ex/frozen] epoch 102/200 loss=2.1169 iv_val=0.9366 ex_val=0.8927 bal_val=0.9146 ex2iv=0.0716 align=0.4725 cpair=0.0000
[full_iv_ex/frozen] epoch 103/200 loss=2.1184 iv_val=0.9351 ex_val=0.9046 bal_val=0.9199 ex2iv=0.0697 align=0.4724 cpair=0.0000
[full_iv_ex/frozen] epoch 104/200 loss=2.1206 iv_val=0.9291 ex_val=0.8892 bal_val=0.9091 ex2iv=0.0758 align=0.4730 cpair=0.0000
[full_iv_ex/frozen] epoch 105/200 loss=2.1167 iv_val=0.9369 ex_val=0.8982 bal_val=0.9175 ex2iv=0.0812 align=0.4716 cpair=0.0000
[full_iv_ex/frozen] epoch 106/200 loss=2.1194 iv_val=0.9337 ex_val=0.8954 bal_val=0.9146 ex2iv=0.0835 align=0.4736 cpair=0.0000
[full_iv_ex/frozen] epoch 107/200 loss=2.1193 iv_val=0.9360 ex_val=0.8791 bal_val=0.9076 ex2iv=0.0735 align=0.4730 cpair=0.0000
[full_iv_ex/frozen] epoch 108/200 loss=2.1187 iv_val=0.9257 ex_val=0.8832 bal_val=0.9045 ex2iv=0.0767 align=0.4726 cpair=0.0000
[full_iv_ex/frozen] epoch 109/200 loss=2.1169 iv_val=0.9289 ex_val=0.8964 bal_val=0.9127 ex2iv=0.0853 align=0.4716 cpair=0.0000
[full_iv_ex/frozen] epoch 110/200 loss=2.1193 iv_val=0.9406 ex_val=0.8898 bal_val=0.9152 ex2iv=0.0872 align=0.4735 cpair=0.0000
[full_iv_ex/frozen] epoch 111/200 loss=2.1182 iv_val=0.9262 ex_val=0.8814 bal_val=0.9038 ex2iv=0.0743 align=0.4724 cpair=0.0000
[full_iv_ex/frozen] epoch 112/200 loss=2.1174 iv_val=0.9217 ex_val=0.8901 bal_val=0.9059 ex2iv=0.0779 align=0.4725 cpair=0.0000
[full_iv_ex/frozen] epoch 113/200 loss=2.1184 iv_val=0.9307 ex_val=0.8710 bal_val=0.9009 ex2iv=0.0712 align=0.4724 cpair=0.0000
[full_iv_ex/frozen] epoch 114/200 loss=2.1190 iv_val=0.9218 ex_val=0.8756 bal_val=0.8987 ex2iv=0.0615 align=0.4726 cpair=0.0000
[full_iv_ex/frozen] epoch 115/200 loss=2.1157 iv_val=0.9169 ex_val=0.8791 bal_val=0.8980 ex2iv=0.0684 align=0.4708 cpair=0.0000
[full_iv_ex/frozen] epoch 116/200 loss=2.1165 iv_val=0.9330 ex_val=0.8810 bal_val=0.9070 ex2iv=0.0694 align=0.4716 cpair=0.0000
[full_iv_ex/frozen] epoch 117/200 loss=2.1161 iv_val=0.9240 ex_val=0.8864 bal_val=0.9052 ex2iv=0.0783 align=0.4707 cpair=0.0000
[full_iv_ex/frozen] epoch 118/200 loss=2.1170 iv_val=0.9189 ex_val=0.8617 bal_val=0.8903 ex2iv=0.0684 align=0.4727 cpair=0.0000
[full_iv_ex/frozen] epoch 119/200 loss=2.1159 iv_val=0.9236 ex_val=0.8769 bal_val=0.9003 ex2iv=0.0779 align=0.4711 cpair=0.0000
[full_iv_ex/frozen] epoch 120/200 loss=2.1167 iv_val=0.9114 ex_val=0.8672 bal_val=0.8893 ex2iv=0.0714 align=0.4713 cpair=0.0000
[full_iv_ex/frozen] epoch 121/200 loss=2.1139 iv_val=0.9319 ex_val=0.8903 bal_val=0.9111 ex2iv=0.0679 align=0.4688 cpair=0.0000
[full_iv_ex/frozen] epoch 122/200 loss=2.1156 iv_val=0.9295 ex_val=0.8810 bal_val=0.9053 ex2iv=0.0778 align=0.4710 cpair=0.0000
[full_iv_ex/frozen] epoch 123/200 loss=2.1150 iv_val=0.9209 ex_val=0.8603 bal_val=0.8906 ex2iv=0.0743 align=0.4709 cpair=0.0000
[full_iv_ex/frozen] epoch 124/200 loss=2.1161 iv_val=0.9216 ex_val=0.8786 bal_val=0.9001 ex2iv=0.0645 align=0.4711 cpair=0.0000
[full_iv_ex/frozen] epoch 125/200 loss=2.1162 iv_val=0.9175 ex_val=0.8528 bal_val=0.8852 ex2iv=0.0669 align=0.4710 cpair=0.0000
[full_iv_ex/frozen] epoch 126/200 loss=2.1142 iv_val=0.8994 ex_val=0.8844 bal_val=0.8919 ex2iv=0.0747 align=0.4710 cpair=0.0000
[full_iv_ex/frozen] epoch 127/200 loss=2.1164 iv_val=0.9011 ex_val=0.8343 bal_val=0.8677 ex2iv=0.0643 align=0.4710 cpair=0.0000
[full_iv_ex/frozen] epoch 128/200 loss=2.1162 iv_val=0.8983 ex_val=0.8409 bal_val=0.8696 ex2iv=0.0699 align=0.4713 cpair=0.0000
[full_iv_ex/frozen] epoch 129/200 loss=2.1155 iv_val=0.9144 ex_val=0.8563 bal_val=0.8854 ex2iv=0.0762 align=0.4712 cpair=0.0000
[full_iv_ex/frozen] epoch 130/200 loss=2.1148 iv_val=0.9050 ex_val=0.8524 bal_val=0.8787 ex2iv=0.0690 align=0.4704 cpair=0.0000
[full_iv_ex/frozen] epoch 131/200 loss=2.1152 iv_val=0.9148 ex_val=0.8602 bal_val=0.8875 ex2iv=0.0705 align=0.4707 cpair=0.0000
[full_iv_ex/frozen] epoch 132/200 loss=2.1154 iv_val=0.9161 ex_val=0.8512 bal_val=0.8837 ex2iv=0.0713 align=0.4705 cpair=0.0000
[full_iv_ex/frozen] epoch 133/200 loss=2.1147 iv_val=0.9045 ex_val=0.8194 bal_val=0.8619 ex2iv=0.0720 align=0.4702 cpair=0.0000
[full_iv_ex/frozen] epoch 134/200 loss=2.1151 iv_val=0.9072 ex_val=0.8443 bal_val=0.8758 ex2iv=0.0645 align=0.4710 cpair=0.0000
[full_iv_ex/frozen] epoch 135/200 loss=2.1167 iv_val=0.9148 ex_val=0.8059 bal_val=0.8604 ex2iv=0.0735 align=0.4721 cpair=0.0000
[full_iv_ex/frozen] epoch 136/200 loss=2.1128 iv_val=0.8959 ex_val=0.8303 bal_val=0.8631 ex2iv=0.0777 align=0.4692 cpair=0.0000
[full_iv_ex/frozen] epoch 137/200 loss=2.1164 iv_val=0.9196 ex_val=0.8368 bal_val=0.8782 ex2iv=0.0635 align=0.4712 cpair=0.0000
[full_iv_ex/frozen] epoch 138/200 loss=2.1179 iv_val=0.8978 ex_val=0.8248 bal_val=0.8613 ex2iv=0.0610 align=0.4713 cpair=0.0000
[full_iv_ex/frozen] epoch 139/200 loss=2.1145 iv_val=0.9005 ex_val=0.8531 bal_val=0.8768 ex2iv=0.0699 align=0.4708 cpair=0.0000
[full_iv_ex/frozen] epoch 140/200 loss=2.1152 iv_val=0.8936 ex_val=0.8490 bal_val=0.8713 ex2iv=0.0607 align=0.4711 cpair=0.0000
[full_iv_ex/frozen] epoch 141/200 loss=2.1150 iv_val=0.9022 ex_val=0.8146 bal_val=0.8584 ex2iv=0.0660 align=0.4711 cpair=0.0000
[full_iv_ex/frozen] epoch 142/200 loss=2.1132 iv_val=0.8972 ex_val=0.8212 bal_val=0.8592 ex2iv=0.0739 align=0.4695 cpair=0.0000
[full_iv_ex/frozen] epoch 143/200 loss=2.1165 iv_val=0.8967 ex_val=0.8140 bal_val=0.8554 ex2iv=0.0729 align=0.4717 cpair=0.0000
[full_iv_ex/frozen] epoch 144/200 loss=2.1161 iv_val=0.8919 ex_val=0.8397 bal_val=0.8658 ex2iv=0.0591 align=0.4710 cpair=0.0000
[full_iv_ex/frozen] epoch 145/200 loss=2.1161 iv_val=0.8888 ex_val=0.8271 bal_val=0.8579 ex2iv=0.0705 align=0.4707 cpair=0.0000
[full_iv_ex/frozen] epoch 146/200 loss=2.1141 iv_val=0.8899 ex_val=0.8406 bal_val=0.8652 ex2iv=0.0677 align=0.4711 cpair=0.0000
[full_iv_ex/frozen] epoch 147/200 loss=2.1142 iv_val=0.8811 ex_val=0.8184 bal_val=0.8498 ex2iv=0.0613 align=0.4696 cpair=0.0000
[full_iv_ex/frozen] epoch 148/200 loss=2.1165 iv_val=0.8940 ex_val=0.8073 bal_val=0.8507 ex2iv=0.0644 align=0.4715 cpair=0.0000
[full_iv_ex/frozen] epoch 149/200 loss=2.1122 iv_val=0.8778 ex_val=0.8308 bal_val=0.8543 ex2iv=0.0618 align=0.4684 cpair=0.0000
[full_iv_ex/frozen] epoch 150/200 loss=2.1153 iv_val=0.8981 ex_val=0.8185 bal_val=0.8583 ex2iv=0.0651 align=0.4702 cpair=0.0000
[full_iv_ex/frozen] epoch 151/200 loss=2.1137 iv_val=0.8695 ex_val=0.8110 bal_val=0.8403 ex2iv=0.0592 align=0.4705 cpair=0.0000
[full_iv_ex/frozen] epoch 152/200 loss=2.1130 iv_val=0.8863 ex_val=0.8124 bal_val=0.8493 ex2iv=0.0671 align=0.4699 cpair=0.0000
[full_iv_ex/frozen] epoch 153/200 loss=2.1171 iv_val=0.8887 ex_val=0.8048 bal_val=0.8468 ex2iv=0.0664 align=0.4712 cpair=0.0000
[full_iv_ex/frozen] epoch 154/200 loss=2.1122 iv_val=0.8786 ex_val=0.8220 bal_val=0.8503 ex2iv=0.0668 align=0.4686 cpair=0.0000
[full_iv_ex/frozen] epoch 155/200 loss=2.1145 iv_val=0.8836 ex_val=0.8198 bal_val=0.8517 ex2iv=0.0702 align=0.4699 cpair=0.0000
[full_iv_ex/frozen] epoch 156/200 loss=2.1140 iv_val=0.8829 ex_val=0.8241 bal_val=0.8535 ex2iv=0.0605 align=0.4698 cpair=0.0000
[full_iv_ex/frozen] epoch 157/200 loss=2.1128 iv_val=0.8776 ex_val=0.7680 bal_val=0.8228 ex2iv=0.0639 align=0.4694 cpair=0.0000
[full_iv_ex/frozen] epoch 158/200 loss=2.1118 iv_val=0.8714 ex_val=0.8255 bal_val=0.8484 ex2iv=0.0603 align=0.4692 cpair=0.0000
[full_iv_ex/frozen] epoch 159/200 loss=2.1163 iv_val=0.8642 ex_val=0.8318 bal_val=0.8480 ex2iv=0.0761 align=0.4713 cpair=0.0000
[full_iv_ex/frozen] epoch 160/200 loss=2.1155 iv_val=0.8870 ex_val=0.7938 bal_val=0.8404 ex2iv=0.0679 align=0.4705 cpair=0.0000
[full_iv_ex/frozen] epoch 161/200 loss=2.1140 iv_val=0.8679 ex_val=0.8359 bal_val=0.8519 ex2iv=0.0642 align=0.4706 cpair=0.0000
[full_iv_ex/frozen] epoch 162/200 loss=2.1131 iv_val=0.8824 ex_val=0.8161 bal_val=0.8493 ex2iv=0.0766 align=0.4700 cpair=0.0000
[full_iv_ex/frozen] epoch 163/200 loss=2.1163 iv_val=0.8569 ex_val=0.7535 bal_val=0.8052 ex2iv=0.0538 align=0.4709 cpair=0.0000
[full_iv_ex/frozen] epoch 164/200 loss=2.1125 iv_val=0.8798 ex_val=0.8333 bal_val=0.8565 ex2iv=0.0699 align=0.4693 cpair=0.0000
[full_iv_ex/frozen] epoch 165/200 loss=2.1135 iv_val=0.8637 ex_val=0.8019 bal_val=0.8328 ex2iv=0.0627 align=0.4688 cpair=0.0000
[full_iv_ex/frozen] epoch 166/200 loss=2.1115 iv_val=0.8687 ex_val=0.8012 bal_val=0.8349 ex2iv=0.0668 align=0.4691 cpair=0.0000
[full_iv_ex/frozen] epoch 167/200 loss=2.1141 iv_val=0.8771 ex_val=0.8026 bal_val=0.8398 ex2iv=0.0709 align=0.4713 cpair=0.0000
[full_iv_ex/frozen] epoch 168/200 loss=2.1122 iv_val=0.8669 ex_val=0.7592 bal_val=0.8131 ex2iv=0.0793 align=0.4690 cpair=0.0000
[full_iv_ex/frozen] epoch 169/200 loss=2.1141 iv_val=0.8839 ex_val=0.8089 bal_val=0.8464 ex2iv=0.0644 align=0.4697 cpair=0.0000
[full_iv_ex/frozen] epoch 170/200 loss=2.1138 iv_val=0.8751 ex_val=0.7923 bal_val=0.8337 ex2iv=0.0675 align=0.4687 cpair=0.0000
[full_iv_ex/frozen] epoch 171/200 loss=2.1126 iv_val=0.8835 ex_val=0.7943 bal_val=0.8389 ex2iv=0.0726 align=0.4685 cpair=0.0000
[full_iv_ex/frozen] epoch 172/200 loss=2.1130 iv_val=0.8728 ex_val=0.7647 bal_val=0.8188 ex2iv=0.0638 align=0.4684 cpair=0.0000
[full_iv_ex/frozen] epoch 173/200 loss=2.1118 iv_val=0.8488 ex_val=0.7816 bal_val=0.8152 ex2iv=0.0620 align=0.4695 cpair=0.0000
[full_iv_ex/frozen] epoch 174/200 loss=2.1139 iv_val=0.8667 ex_val=0.7933 bal_val=0.8300 ex2iv=0.0601 align=0.4706 cpair=0.0000
[full_iv_ex/frozen] epoch 175/200 loss=2.1115 iv_val=0.8775 ex_val=0.8040 bal_val=0.8407 ex2iv=0.0679 align=0.4677 cpair=0.0000
[full_iv_ex/frozen] epoch 176/200 loss=2.1153 iv_val=0.8614 ex_val=0.8016 bal_val=0.8315 ex2iv=0.0625 align=0.4708 cpair=0.0000
[full_iv_ex/frozen] epoch 177/200 loss=2.1144 iv_val=0.9096 ex_val=0.8939 bal_val=0.9018 ex2iv=0.0740 align=0.4696 cpair=0.0000
[full_iv_ex/frozen] epoch 178/200 loss=2.1122 iv_val=0.8733 ex_val=0.7907 bal_val=0.8320 ex2iv=0.0608 align=0.4700 cpair=0.0000
[full_iv_ex/frozen] epoch 179/200 loss=2.1115 iv_val=0.8726 ex_val=0.7696 bal_val=0.8211 ex2iv=0.0612 align=0.4680 cpair=0.0000
[full_iv_ex/frozen] epoch 180/200 loss=2.1112 iv_val=0.8658 ex_val=0.7985 bal_val=0.8322 ex2iv=0.0628 align=0.4690 cpair=0.0000
[full_iv_ex/frozen] epoch 181/200 loss=2.1129 iv_val=0.8509 ex_val=0.7773 bal_val=0.8141 ex2iv=0.0652 align=0.4696 cpair=0.0000
[full_iv_ex/frozen] epoch 182/200 loss=2.1146 iv_val=0.8475 ex_val=0.7808 bal_val=0.8141 ex2iv=0.0586 align=0.4712 cpair=0.0000
[full_iv_ex/frozen] epoch 183/200 loss=2.1104 iv_val=0.8509 ex_val=0.7885 bal_val=0.8197 ex2iv=0.0697 align=0.4673 cpair=0.0000
[full_iv_ex/frozen] epoch 184/200 loss=2.1118 iv_val=0.8654 ex_val=0.7911 bal_val=0.8282 ex2iv=0.0732 align=0.4688 cpair=0.0000
[full_iv_ex/frozen] epoch 185/200 loss=2.1110 iv_val=0.8653 ex_val=0.8105 bal_val=0.8379 ex2iv=0.0649 align=0.4686 cpair=0.0000
[full_iv_ex/frozen] epoch 186/200 loss=2.1113 iv_val=0.8696 ex_val=0.7759 bal_val=0.8228 ex2iv=0.0687 align=0.4681 cpair=0.0000
[full_iv_ex/frozen] epoch 187/200 loss=2.1123 iv_val=0.8627 ex_val=0.7614 bal_val=0.8121 ex2iv=0.0632 align=0.4700 cpair=0.0000
[full_iv_ex/frozen] epoch 188/200 loss=2.1131 iv_val=0.8616 ex_val=0.7747 bal_val=0.8182 ex2iv=0.0764 align=0.4689 cpair=0.0000
[full_iv_ex/frozen] epoch 189/200 loss=2.1113 iv_val=0.8611 ex_val=0.7792 bal_val=0.8201 ex2iv=0.0748 align=0.4689 cpair=0.0000
[full_iv_ex/frozen] epoch 190/200 loss=2.1097 iv_val=0.8632 ex_val=0.7938 bal_val=0.8285 ex2iv=0.0724 align=0.4674 cpair=0.0000
[full_iv_ex/frozen] epoch 191/200 loss=2.1121 iv_val=0.8651 ex_val=0.7846 bal_val=0.8248 ex2iv=0.0616 align=0.4691 cpair=0.0000
[full_iv_ex/frozen] epoch 192/200 loss=2.1133 iv_val=0.8383 ex_val=0.7456 bal_val=0.7920 ex2iv=0.0568 align=0.4698 cpair=0.0000
[full_iv_ex/frozen] epoch 193/200 loss=2.1108 iv_val=0.8453 ex_val=0.7764 bal_val=0.8109 ex2iv=0.0645 align=0.4683 cpair=0.0000
[full_iv_ex/frozen] epoch 194/200 loss=2.1117 iv_val=0.8503 ex_val=0.7399 bal_val=0.7951 ex2iv=0.0683 align=0.4680 cpair=0.0000
[full_iv_ex/frozen] epoch 195/200 loss=2.1121 iv_val=0.8538 ex_val=0.7473 bal_val=0.8005 ex2iv=0.0612 align=0.4688 cpair=0.0000
[full_iv_ex/frozen] epoch 196/200 loss=2.1139 iv_val=0.8482 ex_val=0.7877 bal_val=0.8179 ex2iv=0.0717 align=0.4702 cpair=0.0000
[full_iv_ex/frozen] epoch 197/200 loss=2.1159 iv_val=0.8620 ex_val=0.7853 bal_val=0.8237 ex2iv=0.0674 align=0.4705 cpair=0.0000
[full_iv_ex/frozen] epoch 198/200 loss=2.1116 iv_val=0.8654 ex_val=0.7759 bal_val=0.8207 ex2iv=0.0786 align=0.4694 cpair=0.0000
[full_iv_ex/frozen] epoch 199/200 loss=2.1142 iv_val=0.8394 ex_val=0.7851 bal_val=0.8122 ex2iv=0.0655 align=0.4701 cpair=0.0000
[full_iv_ex/frozen] epoch 200/200 loss=2.1117 iv_val=0.8785 ex_val=0.8586 bal_val=0.8686 ex2iv=0.0736 align=0.4679 cpair=0.0000
Wrote projector checkpoint /Users/erdem/Documents/github/autoresearch/figures/report/native_baseline/loocv_contrastive_mlp_w8_e200_ms3_hi_ap800_j0_xy80z24_skh07_dv2_g0_proj.pt
Wrote /Users/erdem/Documents/github/autoresearch/figures/report/native_baseline/loocv_contrastive_mlp_w8_e200_ms3_hi_ap800_j0_xy80z24_skh07_dv2_g0_results.json
